Component: ARM Compiler 5.06 update 6 (build 750) Tool: armlink [4d35ed]

==============================================================================

Section Cross References

    stm32f10x_gpio.o(.text) refers to stm32f10x_rcc.o(.text) for RCC_APB2PeriphResetCmd
    stm32f10x_i2c.o(.text) refers to stm32f10x_rcc.o(.text) for RCC_APB1PeriphResetCmd
    stm32f10x_rcc.o(.text) refers to stm32f10x_rcc.o(.data) for APBAHBPrescTable
    stm32f10x_tim.o(.text) refers to stm32f10x_rcc.o(.text) for RCC_APB2PeriphResetCmd
    stm32f10x_usart.o(.text) refers to stm32f10x_rcc.o(.text) for RCC_APB2PeriphResetCmd
    stm32f10x_adc.o(.text) refers to stm32f10x_rcc.o(.text) for RCC_APB2PeriphResetCmd
    stm32f10x_bkp.o(.text) refers to stm32f10x_rcc.o(.text) for RCC_BackupResetCmd
    stm32f10x_can.o(.text) refers to stm32f10x_rcc.o(.text) for RCC_APB1PeriphResetCmd
    stm32f10x_cec.o(.text) refers to stm32f10x_rcc.o(.text) for RCC_APB1PeriphResetCmd
    stm32f10x_dac.o(.text) refers to stm32f10x_rcc.o(.text) for RCC_APB1PeriphResetCmd
    stm32f10x_pwr.o(.text) refers to stm32f10x_rcc.o(.text) for RCC_APB1PeriphResetCmd
    stm32f10x_spi.o(.text) refers to stm32f10x_rcc.o(.text) for RCC_APB2PeriphResetCmd
    stm32f10x_wwdg.o(.text) refers to stm32f10x_rcc.o(.text) for RCC_APB1PeriphResetCmd
    system_stm32f10x.o(.text) refers to system_stm32f10x.o(.data) for SystemCoreClock
    i2c.o(.text) refers to stm32f10x_rcc.o(.text) for RCC_APB2PeriphClockCmd
    i2c.o(.text) refers to stm32f10x_gpio.o(.text) for GPIO_Init
    i2c_mpu6050.o(.text) refers to stm32f10x_rcc.o(.text) for RCC_APB2PeriphClockCmd
    i2c_mpu6050.o(.text) refers to stm32f10x_gpio.o(.text) for GPIO_PinRemapConfig
    i2c_mpu6050.o(.text) refers to stm32f10x_i2c.o(.text) for I2C_Init
    i2c_mpu6050.o(.text) refers to delay.o(.text) for delay_ms
    led.o(.text) refers to stm32f10x_rcc.o(.text) for RCC_APB2PeriphClockCmd
    led.o(.text) refers to stm32f10x_gpio.o(.text) for GPIO_PinRemapConfig
    main.o(.text) refers to system_stm32f10x.o(.text) for SystemInit
    main.o(.text) refers to timer.o(.text) for Timerx_Init
    main.o(.text) refers to ultrasonicwave.o(.text) for UltrasonicWave_Configuration
    main.o(.text) refers to usart.o(.text) for USART1_Config
    main.o(.text) refers to motor.o(.text) for TIM2_PWM_Init
    main.o(.text) refers to led.o(.text) for LED_GPIO_Config
    main.o(.text) refers to adc.o(.text) for Adc_Init
    main.o(.text) refers to i2c.o(.text) for i2cInit
    main.o(.text) refers to upstandingcar.o(.text) for delay_nms
    main.o(.text) refers to mpu6050.o(.text) for MPU6050_Init
    main.o(.text) refers to systick.o(.text) for SysTick_Init
    main.o(.text) refers to cfrcmple.o(.text) for __aeabi_cfrcmple
    main.o(.text) refers to cfcmple.o(.text) for __aeabi_cfcmple
    main.o(.text) refers to upstandingcar.o(.data) for BST_u8MainEventCount
    motor.o(.text) refers to stm32f10x_rcc.o(.text) for RCC_APB2PeriphClockCmd
    motor.o(.text) refers to stm32f10x_gpio.o(.text) for GPIO_Init
    motor.o(.text) refers to stm32f10x_tim.o(.text) for TIM_TimeBaseInit
    motor.o(.text) refers to misc.o(.text) for NVIC_PriorityGroupConfig
    mpu6050.o(.text) refers to inv_mpu.o(.text) for mpu_init
    mpu6050.o(.text) refers to usart.o(.text) for PrintChar
    mpu6050.o(.text) refers to inv_mpu_dmp_motion_driver.o(.text) for dmp_load_motion_driver_firmware
    mpu6050.o(.text) refers to stm32f10x_gpio.o(.text) for GPIO_ResetBits
    mpu6050.o(.text) refers to fflti.o(.text) for __aeabi_i2f
    mpu6050.o(.text) refers to fdiv.o(.text) for __aeabi_fdiv
    mpu6050.o(.text) refers to fmul.o(.text) for __aeabi_fmul
    mpu6050.o(.text) refers to fadd.o(.text) for __aeabi_fadd
    mpu6050.o(.text) refers to f2d.o(.text) for __aeabi_f2d
    mpu6050.o(.text) refers to asin.o(i.asin) for asin
    mpu6050.o(.text) refers to dmul.o(.text) for __aeabi_dmul
    mpu6050.o(.text) refers to d2f.o(.text) for __aeabi_d2f
    mpu6050.o(.text) refers to mpu6050.o(.data) for gyro_orientation
    mpu6050.o(.text) refers to mpu6050.o(.bss) for quat
    mpu6050.o(.text) refers to atan2.o(i.atan2) for atan2
    outputdata.o(.text) refers to ffixi.o(.text) for __aeabi_f2iz
    outputdata.o(.text) refers to usart.o(.text) for USART1_Send_Byte
    outputdata.o(.text) refers to outputdata.o(.bss) for OutData
    stm32f10x_it.o(.text) refers to upstandingcar.o(.text) for GetMotorPulse
    stm32f10x_it.o(.text) refers to ultrasonicwave.o(.text) for UltrasonicWave_StartMeasure
    stm32f10x_it.o(.text) refers to upstandingcar.o(.data) for BST_u8MainEventCount
    systick.o(.text) refers to system_stm32f10x.o(.data) for SystemCoreClock
    systick.o(.text) refers to systick.o(.data) for TimingDelay
    upstandingcar.o(.text) refers to f2d.o(.text) for __aeabi_f2d
    upstandingcar.o(.text) refers to cdcmple.o(.text) for __aeabi_cdcmpeq
    upstandingcar.o(.text) refers to d2f.o(.text) for __aeabi_d2f
[...]
    i._sputc                                 0x08009712   Section        0  printfa.o(i._sputc)
    _sputc                                   0x08009713   Thumb Code    10  printfa.o(i._sputc)
    i.asin                                   0x0800971c   Section        0  asin.o(i.asin)
    i.atan                                   0x0800998c   Section        0  atan.o(i.atan)
    i.atan2                                  0x08009bac   Section        0  atan2.o(i.atan2)
    i.sin                                    0x08009d2c   Section        0  sin.o(i.sin)
    i.sqrt                                   0x08009dcc   Section        0  sqrt.o(i.sqrt)
    .constdata                               0x08009e18   Section       32  upstandingcar.o(.constdata)
    .constdata                               0x08009e38   Section       80  inv_mpu.o(.constdata)
    .constdata                               0x08009e88   Section     3062  inv_mpu_dmp_motion_driver.o(.constdata)
    dmp_memory                               0x08009e88   Data        3062  inv_mpu_dmp_motion_driver.o(.constdata)
    .constdata                               0x0800aa80   Section       80  asin.o(.constdata)
    pS                                       0x0800aa80   Data          48  asin.o(.constdata)
    qS                                       0x0800aab0   Data          32  asin.o(.constdata)
    .constdata                               0x0800aad0   Section      152  atan.o(.constdata)
    atanhi                                   0x0800aad0   Data          32  atan.o(.constdata)
    atanlo                                   0x0800aaf0   Data          32  atan.o(.constdata)
    aTodd                                    0x0800ab10   Data          40  atan.o(.constdata)
    aTeven                                   0x0800ab38   Data          48  atan.o(.constdata)
    .constdata                               0x0800ab68   Section       48  cos_i.o(.constdata)
    C                                        0x0800ab68   Data          48  cos_i.o(.constdata)
    .constdata                               0x0800ab98   Section        8  qnan.o(.constdata)
    .constdata                               0x0800aba0   Section      200  rred.o(.constdata)
    pio2s                                    0x0800aba0   Data          48  rred.o(.constdata)
    twooverpi                                0x0800abd0   Data         152  rred.o(.constdata)
    .constdata                               0x0800ac68   Section       40  sin_i.o(.constdata)
    S                                        0x0800ac68   Data          40  sin_i.o(.constdata)
    .conststring                             0x0800ac90   Section       78  inv_mpu.o(.conststring)
    .data                                    0x20000000   Section       20  stm32f10x_rcc.o(.data)
    APBAHBPrescTable                         0x20000000   Data          16  stm32f10x_rcc.o(.data)
    ADCPrescTable                            0x20000010   Data           4  stm32f10x_rcc.o(.data)
    .data                                    0x20000014   Section       20  system_stm32f10x.o(.data)
    .data                                    0x20000028   Section       59  mpu6050.o(.data)
    gyro_orientation                         0x20000028   Data           9  mpu6050.o(.data)
    .data                                    0x20000064   Section        4  systick.o(.data)
    TimingDelay                              0x20000064   Data           4  systick.o(.data)
    .data                                    0x20000068   Section      380  upstandingcar.o(.data)
    BST_u32EightTick                         0x20000070   Data           4  upstandingcar.o(.data)
    BST_u8MainEventLast                      0x20000074   Data           1  upstandingcar.o(.data)
    g_enAutoRunMode                          0x20000075   Data           1  upstandingcar.o(.data)
    g_stFigureEightParam                     0x20000078   Data          20  upstandingcar.o(.data)
    g_fStraightSpeedCmd                      0x2000008c   Data           4  upstandingcar.o(.data)
    g_fFixedSpeedCmd                         0x20000090   Data           4  upstandingcar.o(.data)
    g_fFixedTurnCmd                          0x20000094   Data           4  upstandingcar.o(.data)
    g_fObsRightAvoidSpeedCmd                 0x20000098   Data           4  upstandingcar.o(.data)
    g_fObsRightAvoidTurnCmd                  0x2000009c   Data           4  upstandingcar.o(.data)
    g_stMotionTask                           0x200000a0   Data          28  upstandingcar.o(.data)
    g_u16EightArcDurationTick                0x200000bc   Data           2  upstandingcar.o(.data)
    g_fEightArcAccelStep                     0x200000c0   Data           4  upstandingcar.o(.data)
    g_u8EightArcStartRight                   0x200000c4   Data           1  upstandingcar.o(.data)
    g_u8EightArcIndex                        0x200000c5   Data           1  upstandingcar.o(.data)
    g_u8TaskStraightObsEnable                0x200000c6   Data           1  upstandingcar.o(.data)
    g_u8ObsConfirmCnt                        0x200000c7   Data           1  upstandingcar.o(.data)
    g_u8ObsStopConfirmCnt                    0x200000c8   Data           1  upstandingcar.o(.data)
    BST_u8StraightEventLast                  0x200000c9   Data           1  upstandingcar.o(.data)
    g_fSpeedErrIntegral                      0x200000cc   Data           4  upstandingcar.o(.data)
    g_fAngleRefFiltered                      0x200000d0   Data           4  upstandingcar.o(.data)
    .data                                    0x200001e4   Section        4  ultrasonicwave.o(.data)
    .data                                    0x200001e8   Section       44  inv_mpu.o(.data)
    st                                       0x200001e8   Data          44  inv_mpu.o(.data)
    .data                                    0x20000214   Section        4  stdout.o(.data)
    .data                                    0x20000218   Section        4  errno.o(.data)
    _errno                                   0x20000218   Data           4  errno.o(.data)
    .bss                                     0x2000021c   Section       16  mpu6050.o(.bss)
    .bss                                     0x2000022c   Section      356  upstandingcar.o(.bss)
    .bss                                     0x20000390   Section       16  inv_mpu_dmp_motion_driver.o(.bss)
    dmp                                      0x20000390   Data          16  inv_mpu_dmp_motion_driver.o(.bss)
    STACK                                    0x200003a0   Section     1024  startup_stm32f10x_md.o(STACK)

    Global Symbols

    Symbol Name                              Value     Ov Type        Size  Object(Section)

    BuildAttributes$$THM_ISAv4$P$D$K$B$S$PE$A:L22UL41UL21$X:L11$S22US41US21$IEEE1$IW$USESV6$~STKCKD$USESV7$~SHL$OTIME$ROPI$IEEEX$EBA8$MICROLIB$REQ8$PRES8$EABIv2 0x00000000   Number         0  anon$$obj.o ABSOLUTE
    __ARM_use_no_argv                        0x00000000   Number         0  main.o ABSOLUTE
    _printf_a                                0x00000000   Number         0  stubs.o ABSOLUTE
    _printf_c                                0x00000000   Number         0  stubs.o ABSOLUTE
    _printf_charcount                        0x00000000   Number         0  stubs.o ABSOLUTE
    _printf_d                                0x00000000   Number         0  stubs.o ABSOLUTE
    _printf_e                                0x00000000   Number         0  stubs.o ABSOLUTE
    _printf_f                                0x00000000   Number         0  stubs.o ABSOLUTE
    _printf_flags                            0x00000000   Number         0  stubs.o ABSOLUTE
    _printf_fp_dec                           0x00000000   Number         0  stubs.o ABSOLUTE
    _printf_fp_hex                           0x00000000   Number         0  stubs.o ABSOLUTE
    _printf_g                                0x00000000   Number         0  stubs.o ABSOLUTE
    _printf_i                                0x00000000   Number         0  stubs.o ABSOLUTE
    _printf_int_dec                          0x00000000   Number         0  stubs.o ABSOLUTE
    _printf_l                                0x00000000   Number         0  stubs.o ABSOLUTE
    _printf_lc                               0x00000000   Number         0  stubs.o ABSOLUTE
    _printf_ll                               0x00000000   Number         0  stubs.o ABSOLUTE
    _printf_lld                              0x00000000   Number         0  stubs.o ABSOLUTE
    _printf_lli                              0x00000000   Number         0  stubs.o ABSOLUTE
    _printf_llo                              0x00000000   Number         0  stubs.o ABSOLUTE
    _printf_llu                              0x00000000   Number         0  stubs.o ABSOLUTE
    _printf_llx                              0x00000000   Number         0  stubs.o ABSOLUTE
    _printf_longlong_dec                     0x00000000   Number         0  stubs.o ABSOLUTE
    _printf_longlong_hex                     0x00000000   Number         0  stubs.o ABSOLUTE
    _printf_longlong_oct                     0x00000000   Number         0  stubs.o ABSOLUTE
    _printf_ls                               0x00000000   Number         0  stubs.o ABSOLUTE
    _printf_mbtowc                           0x00000000   Number         0  stubs.o ABSOLUTE
    _printf_n                                0x00000000   Number         0  stubs.o ABSOLUTE
    _printf_o                                0x00000000   Number         0  stubs.o ABSOLUTE
    _printf_p                                0x00000000   Number         0  stubs.o ABSOLUTE
    _printf_percent                          0x00000000   Number         0  stubs.o ABSOLUTE
    _printf_pre_padding                      0x00000000   Number         0  stubs.o ABSOLUTE
    _printf_return_value                     0x00000000   Number         0  stubs.o ABSOLUTE
    _printf_s                                0x00000000   Number         0  stubs.o ABSOLUTE
    _printf_sizespec                         0x00000000   Number         0  stubs.o ABSOLUTE
    _printf_str                              0x00000000   Number         0  stubs.o ABSOLUTE
    _printf_truncate_signed                  0x00000000   Number         0  stubs.o ABSOLUTE
    _printf_truncate_unsigned                0x00000000   Number         0  stubs.o ABSOLUTE
    _printf_u                                0x00000000   Number         0  stubs.o ABSOLUTE
    _printf_wc                               0x00000000   Number         0  stubs.o ABSOLUTE
    _printf_wctomb                           0x00000000   Number         0  stubs.o ABSOLUTE
    _printf_widthprec                        0x00000000   Number         0  stubs.o ABSOLUTE
    _printf_x                                0x00000000   Number         0  stubs.o ABSOLUTE
    __cpp_initialize__aeabi_                  - Undefined Weak Reference
    __cxa_finalize                            - Undefined Weak Reference
    _clock_init                               - Undefined Weak Reference
    _microlib_exit                            - Undefined Weak Reference
    __Vectors_Size                           0x000000ec   Number         0  startup_stm32f10x_md.o ABSOLUTE
    __Vectors                                0x08000000   Data           4  startup_stm32f10x_md.o(RESET)
    __Vectors_End                            0x080000ec   Data           0  startup_stm32f10x_md.o(RESET)
    __main                                   0x080000ed   Thumb Code     0  entry.o(.ARM.Collect$$$$00000000)
    _main_stk                                0x080000ed   Thumb Code     0  entry2.o(.ARM.Collect$$$$00000001)
    _main_scatterload                        0x080000f1   Thumb Code     0  entry5.o(.ARM.Collect$$$$00000004)
    __main_after_scatterload                 0x080000f5   Thumb Code     0  entry5.o(.ARM.Collect$$$$00000004)
    _main_clock                              0x080000f5   Thumb Code     0  entry7b.o(.ARM.Collect$$$$00000008)
    _main_cpp_init                           0x080000f5   Thumb Code     0  entry8b.o(.ARM.Collect$$$$0000000A)
    _main_init                               0x080000f5   Thumb Code     0  entry9a.o(.ARM.Collect$$$$0000000B)
    __rt_final_cpp                           0x080000fd   Thumb Code     0  entry10a.o(.ARM.Collect$$$$0000000D)
    __rt_final_exit                          0x080000fd   Thumb Code     0  entry11a.o(.ARM.Collect$$$$0000000F)
    NVIC_PriorityGroupConfig                 0x08000101   Thumb Code    10  misc.o(.text)
    NVIC_Init                                0x0800010b   Thumb Code   100  misc.o(.text)
    NVIC_SetVectorTable                      0x0800016f   Thumb Code    14  misc.o(.text)
    NVIC_SystemLPConfig                      0x0800017d   Thumb Code    34  misc.o(.text)
    SysTick_CLKSourceConfig                  0x0800019f   Thumb Code    40  misc.o(.text)
    EXTI_DeInit                              0x080001dd   Thumb Code    28  stm32f10x_exti.o(.text)
    EXTI_Init                                0x080001f9   Thumb Code   142  stm32f10x_exti.o(.text)
    EXTI_StructInit                          0x08000287   Thumb Code    16  stm32f10x_exti.o(.text)
    EXTI_GenerateSWInterrupt                 0x08000297   Thumb Code    16  stm32f10x_exti.o(.text)
    EXTI_GetFlagStatus                       0x080002a7   Thumb Code    22  stm32f10x_exti.o(.text)
    EXTI_ClearFlag                           0x080002bd   Thumb Code     8  stm32f10x_exti.o(.text)
    EXTI_GetITStatus                         0x080002c5   Thumb Code    34  stm32f10x_exti.o(.text)
    EXTI_ClearITPendingBit                   0x080002e7   Thumb Code     8  stm32f10x_exti.o(.text)
    GPIO_DeInit                              0x080002f9   Thumb Code   172  stm32f10x_gpio.o(.text)
    GPIO_AFIODeInit                          0x080003a5   Thumb Code    20  stm32f10x_gpio.o(.text)
    GPIO_Init                                0x080003b9   Thumb Code   278  stm32f10x_gpio.o(.text)
    GPIO_StructInit                          0x080004cf   Thumb Code    16  stm32f10x_gpio.o(.text)
    GPIO_ReadInputDataBit                    0x080004df   Thumb Code    18  stm32f10x_gpio.o(.text)
    GPIO_ReadInputData                       0x080004f1   Thumb Code     8  stm32f10x_gpio.o(.text)
    GPIO_ReadOutputDataBit                   0x080004f9   Thumb Code    18  stm32f10x_gpio.o(.text)
    GPIO_ReadOutputData                      0x0800050b   Thumb Code     8  stm32f10x_gpio.o(.text)
    GPIO_SetBits                             0x08000513   Thumb Code     4  stm32f10x_gpio.o(.text)
    GPIO_ResetBits                           0x08000517   Thumb Code     4  stm32f10x_gpio.o(.text)
    GPIO_WriteBit                            0x0800051b   Thumb Code    10  stm32f10x_gpio.o(.text)
    GPIO_Write                               0x08000525   Thumb Code     4  stm32f10x_gpio.o(.text)
    GPIO_PinLockConfig                       0x08000529   Thumb Code    18  stm32f10x_gpio.o(.text)
    GPIO_EventOutputConfig                   0x0800053b   Thumb Code    26  stm32f10x_gpio.o(.text)
    GPIO_EventOutputCmd                      0x08000555   Thumb Code     6  stm32f10x_gpio.o(.text)
    GPIO_PinRemapConfig                      0x0800055b   Thumb Code   138  stm32f10x_gpio.o(.text)
    GPIO_EXTILineConfig                      0x080005e5   Thumb Code    66  stm32f10x_gpio.o(.text)
    GPIO_ETH_MediaInterfaceConfig            0x08000627   Thumb Code     8  stm32f10x_gpio.o(.text)
    RCC_DeInit                               0x08000655   Thumb Code    64  stm32f10x_rcc.o(.text)
    RCC_HSEConfig                            0x08000695   Thumb Code    70  stm32f10x_rcc.o(.text)
    RCC_GetFlagStatus                        0x080006db   Thumb Code    56  stm32f10x_rcc.o(.text)
    RCC_WaitForHSEStartUp                    0x08000713   Thumb Code    56  stm32f10x_rcc.o(.text)
    RCC_AdjustHSICalibrationValue            0x0800074b   Thumb Code    20  stm32f10x_rcc.o(.text)
    RCC_HSICmd                               0x0800075f   Thumb Code     6  stm32f10x_rcc.o(.text)
    RCC_PLLConfig                            0x08000765   Thumb Code    24  stm32f10x_rcc.o(.text)
    RCC_PLLCmd                               0x0800077d   Thumb Code     6  stm32f10x_rcc.o(.text)
    RCC_SYSCLKConfig                         0x08000783   Thumb Code    18  stm32f10x_rcc.o(.text)
    RCC_GetSYSCLKSource                      0x08000795   Thumb Code    10  stm32f10x_rcc.o(.text)
    RCC_HCLKConfig                           0x0800079f   Thumb Code    18  stm32f10x_rcc.o(.text)
    RCC_PCLK1Config                          0x080007b1   Thumb Code    18  stm32f10x_rcc.o(.text)
    RCC_PCLK2Config                          0x080007c3   Thumb Code    20  stm32f10x_rcc.o(.text)
    RCC_ITConfig                             0x080007d7   Thumb Code    26  stm32f10x_rcc.o(.text)
    RCC_USBCLKConfig                         0x080007f1   Thumb Code     8  stm32f10x_rcc.o(.text)
    RCC_ADCCLKConfig                         0x080007f9   Thumb Code    18  stm32f10x_rcc.o(.text)
    RCC_LSEConfig                            0x0800080b   Thumb Code    50  stm32f10x_rcc.o(.text)
    RCC_LSICmd                               0x0800083d   Thumb Code     6  stm32f10x_rcc.o(.text)
    RCC_RTCCLKConfig                         0x08000843   Thumb Code    12  stm32f10x_rcc.o(.text)
    RCC_RTCCLKCmd                            0x0800084f   Thumb Code     8  stm32f10x_rcc.o(.text)
    RCC_GetClocksFreq                        0x08000857   Thumb Code   192  stm32f10x_rcc.o(.text)
    RCC_AHBPeriphClockCmd                    0x08000917   Thumb Code    26  stm32f10x_rcc.o(.text)
    RCC_APB2PeriphClockCmd                   0x08000931   Thumb Code    26  stm32f10x_rcc.o(.text)
    RCC_APB1PeriphClockCmd                   0x0800094b   Thumb Code    26  stm32f10x_rcc.o(.text)
    RCC_APB2PeriphResetCmd                   0x08000965   Thumb Code    26  stm32f10x_rcc.o(.text)
    RCC_APB1PeriphResetCmd                   0x0800097f   Thumb Code    26  stm32f10x_rcc.o(.text)
    RCC_BackupResetCmd                       0x08000999   Thumb Code     8  stm32f10x_rcc.o(.text)
    RCC_ClockSecuritySystemCmd               0x080009a1   Thumb Code     6  stm32f10x_rcc.o(.text)
    RCC_MCOConfig                            0x080009a7   Thumb Code     6  stm32f10x_rcc.o(.text)
    RCC_ClearFlag                            0x080009ad   Thumb Code    14  stm32f10x_rcc.o(.text)
    RCC_GetITStatus                          0x080009bb   Thumb Code    20  stm32f10x_rcc.o(.text)
    RCC_ClearITPendingBit                    0x080009cf   Thumb Code     6  stm32f10x_rcc.o(.text)
    TIM_DeInit                               0x080009f9   Thumb Code   424  stm32f10x_tim.o(.text)
    TIM_TimeBaseInit                         0x08000ba1   Thumb Code   122  stm32f10x_tim.o(.text)
    TIM_OC1Init                              0x08000c1b   Thumb Code   132  stm32f10x_tim.o(.text)
    TIM_OC2Init                              0x08000c9f   Thumb Code   154  stm32f10x_tim.o(.text)
    TIM_OC3Init                              0x08000d39   Thumb Code   150  stm32f10x_tim.o(.text)
    TIM_OC4Init                              0x08000dcf   Thumb Code   182  stm32f10x_tim.o(.text)
    TIM_SetIC4Prescaler                      0x08000e85   Thumb Code    26  stm32f10x_tim.o(.text)
    TIM_SetIC3Prescaler                      0x08000f21   Thumb Code    18  stm32f10x_tim.o(.text)
    TIM_SetIC2Prescaler                      0x08000fad   Thumb Code    26  stm32f10x_tim.o(.text)
    TIM_SetIC1Prescaler                      0x08001049   Thumb Code    18  stm32f10x_tim.o(.text)
    TIM_ICInit                               0x080010c7   Thumb Code   150  stm32f10x_tim.o(.text)
    TIM_PWMIConfig                           0x0800115d   Thumb Code   124  stm32f10x_tim.o(.text)
    TIM_BDTRConfig                           0x080011d9   Thumb Code    32  stm32f10x_tim.o(.text)
    TIM_TimeBaseStructInit                   0x080011f9   Thumb Code    18  stm32f10x_tim.o(.text)
    TIM_OCStructInit                         0x0800120b   Thumb Code    20  stm32f10x_tim.o(.text)
    TIM_ICStructInit                         0x0800121f   Thumb Code    18  stm32f10x_tim.o(.text)
    TIM_BDTRStructInit                       0x08001231   Thumb Code    40  stm32f10x_tim.o(.text)
    TIM_Cmd                                  0x08001259   Thumb Code    24  stm32f10x_tim.o(.text)
    TIM_CtrlPWMOutputs                       0x08001271   Thumb Code    30  stm32f10x_tim.o(.text)
    TIM_ITConfig                             0x0800128f   Thumb Code    18  stm32f10x_tim.o(.text)
    TIM_GenerateEvent                        0x080012a1   Thumb Code     4  stm32f10x_tim.o(.text)
    TIM_DMAConfig                            0x080012a5   Thumb Code    10  stm32f10x_tim.o(.text)
    TIM_DMACmd                               0x080012af   Thumb Code    18  stm32f10x_tim.o(.text)
    TIM_InternalClockConfig                  0x080012c1   Thumb Code    12  stm32f10x_tim.o(.text)
    TIM_SelectInputTrigger                   0x080012cd   Thumb Code    18  stm32f10x_tim.o(.text)
    TIM_ITRxExternalClockConfig              0x080012df   Thumb Code    24  stm32f10x_tim.o(.text)
    TIM_TIxExternalClockConfig               0x080012f7   Thumb Code    62  stm32f10x_tim.o(.text)
    TIM_ETRConfig                            0x08001335   Thumb Code    28  stm32f10x_tim.o(.text)
    TIM_ETRClockMode1Config                  0x08001351   Thumb Code    54  stm32f10x_tim.o(.text)
    TIM_ETRClockMode2Config                  0x08001387   Thumb Code    32  stm32f10x_tim.o(.text)
    TIM_PrescalerConfig                      0x080013a7   Thumb Code     6  stm32f10x_tim.o(.text)
    TIM_CounterModeConfig                    0x080013ad   Thumb Code    18  stm32f10x_tim.o(.text)
    TIM_EncoderInterfaceConfig               0x080013bf   Thumb Code    66  stm32f10x_tim.o(.text)
    TIM_ForcedOC1Config                      0x08001401   Thumb Code    18  stm32f10x_tim.o(.text)
    TIM_ForcedOC2Config                      0x08001413   Thumb Code    26  stm32f10x_tim.o(.text)
    TIM_ForcedOC3Config                      0x0800142d   Thumb Code    18  stm32f10x_tim.o(.text)
    TIM_ForcedOC4Config                      0x0800143f   Thumb Code    26  stm32f10x_tim.o(.text)
    TIM_ARRPreloadConfig                     0x08001459   Thumb Code    24  stm32f10x_tim.o(.text)
    TIM_SelectCOM                            0x08001471   Thumb Code    24  stm32f10x_tim.o(.text)
    TIM_SelectCCDMA                          0x08001489   Thumb Code    24  stm32f10x_tim.o(.text)
    TIM_CCPreloadControl                     0x080014a1   Thumb Code    24  stm32f10x_tim.o(.text)
    TIM_OC1PreloadConfig                     0x080014b9   Thumb Code    18  stm32f10x_tim.o(.text)
    TIM_OC2PreloadConfig                     0x080014cb   Thumb Code    26  stm32f10x_tim.o(.text)
    TIM_OC3PreloadConfig                     0x080014e5   Thumb Code    18  stm32f10x_tim.o(.text)
    TIM_OC4PreloadConfig                     0x080014f7   Thumb Code    26  stm32f10x_tim.o(.text)
    TIM_OC1FastConfig                        0x08001511   Thumb Code    18  stm32f10x_tim.o(.text)
    TIM_OC2FastConfig                        0x08001523   Thumb Code    26  stm32f10x_tim.o(.text)
    TIM_OC3FastConfig                        0x0800153d   Thumb Code    18  stm32f10x_tim.o(.text)
    TIM_OC4FastConfig                        0x0800154f   Thumb Code    26  stm32f10x_tim.o(.text)
    TIM_ClearOC1Ref                          0x08001569   Thumb Code    18  stm32f10x_tim.o(.text)
    TIM_ClearOC2Ref                          0x0800157b   Thumb Code    24  stm32f10x_tim.o(.text)
    TIM_ClearOC3Ref                          0x08001593   Thumb Code    18  stm32f10x_tim.o(.text)
    TIM_ClearOC4Ref                          0x080015a5   Thumb Code    24  stm32f10x_tim.o(.text)
    TIM_OC1PolarityConfig                    0x080015bd   Thumb Code    18  stm32f10x_tim.o(.text)
    TIM_OC1NPolarityConfig                   0x080015cf   Thumb Code    18  stm32f10x_tim.o(.text)
    TIM_OC2PolarityConfig                    0x080015e1   Thumb Code    26  stm32f10x_tim.o(.text)
    TIM_OC2NPolarityConfig                   0x080015fb   Thumb Code    26  stm32f10x_tim.o(.text)
    TIM_OC3PolarityConfig                    0x08001615   Thumb Code    26  stm32f10x_tim.o(.text)
    TIM_OC3NPolarityConfig                   0x0800162f   Thumb Code    26  stm32f10x_tim.o(.text)
    TIM_OC4PolarityConfig                    0x08001649   Thumb Code    26  stm32f10x_tim.o(.text)
    TIM_CCxCmd                               0x08001663   Thumb Code    30  stm32f10x_tim.o(.text)
    TIM_CCxNCmd                              0x08001681   Thumb Code    30  stm32f10x_tim.o(.text)
    TIM_SelectOCxM                           0x0800169f   Thumb Code    82  stm32f10x_tim.o(.text)
    TIM_UpdateDisableConfig                  0x080016f1   Thumb Code    24  stm32f10x_tim.o(.text)
    TIM_UpdateRequestConfig                  0x08001709   Thumb Code    24  stm32f10x_tim.o(.text)
    TIM_SelectHallSensor                     0x08001721   Thumb Code    24  stm32f10x_tim.o(.text)
    TIM_SelectOnePulseMode                   0x08001739   Thumb Code    18  stm32f10x_tim.o(.text)
    TIM_SelectOutputTrigger                  0x0800174b   Thumb Code    18  stm32f10x_tim.o(.text)
    TIM_SelectSlaveMode                      0x0800175d   Thumb Code    18  stm32f10x_tim.o(.text)
    TIM_SelectMasterSlaveMode                0x0800176f   Thumb Code    18  stm32f10x_tim.o(.text)
    TIM_SetCounter                           0x08001781   Thumb Code     4  stm32f10x_tim.o(.text)
    TIM_SetAutoreload                        0x08001785   Thumb Code     4  stm32f10x_tim.o(.text)
    TIM_SetCompare1                          0x08001789   Thumb Code     4  stm32f10x_tim.o(.text)
    TIM_SetCompare2                          0x0800178d   Thumb Code     4  stm32f10x_tim.o(.text)
    TIM_SetCompare3                          0x08001791   Thumb Code     4  stm32f10x_tim.o(.text)
    TIM_SetCompare4                          0x08001795   Thumb Code     6  stm32f10x_tim.o(.text)
    TIM_SetClockDivision                     0x0800179b   Thumb Code    18  stm32f10x_tim.o(.text)
    TIM_GetCapture1                          0x080017ad   Thumb Code     6  stm32f10x_tim.o(.text)
    TIM_GetCapture2                          0x080017b3   Thumb Code     6  stm32f10x_tim.o(.text)
    TIM_GetCapture3                          0x080017b9   Thumb Code     6  stm32f10x_tim.o(.text)
    TIM_GetCapture4                          0x080017bf   Thumb Code     8  stm32f10x_tim.o(.text)
    TIM_GetCounter                           0x080017c7   Thumb Code     6  stm32f10x_tim.o(.text)
    TIM_GetPrescaler                         0x080017cd   Thumb Code     6  stm32f10x_tim.o(.text)
    TIM_GetFlagStatus                        0x080017d3   Thumb Code    18  stm32f10x_tim.o(.text)
    TIM_ClearFlag                            0x080017e5   Thumb Code     6  stm32f10x_tim.o(.text)
    TIM_GetITStatus                          0x080017eb   Thumb Code    34  stm32f10x_tim.o(.text)
    TIM_ClearITPendingBit                    0x0800180d   Thumb Code     6  stm32f10x_tim.o(.text)
    USART_DeInit                             0x08001815   Thumb Code   134  stm32f10x_usart.o(.text)
    USART_Init                               0x0800189b   Thumb Code   210  stm32f10x_usart.o(.text)
    USART_StructInit                         0x0800196d   Thumb Code    24  stm32f10x_usart.o(.text)
    USART_ClockInit                          0x08001985   Thumb Code    34  stm32f10x_usart.o(.text)
    USART_ClockStructInit                    0x080019a7   Thumb Code    12  stm32f10x_usart.o(.text)
    USART_Cmd                                0x080019b3   Thumb Code    24  stm32f10x_usart.o(.text)
    USART_ITConfig                           0x080019cb   Thumb Code    74  stm32f10x_usart.o(.text)
    USART_DMACmd                             0x08001a15   Thumb Code    18  stm32f10x_usart.o(.text)
    USART_SetAddress                         0x08001a27   Thumb Code    18  stm32f10x_usart.o(.text)
    USART_WakeUpConfig                       0x08001a39   Thumb Code    18  stm32f10x_usart.o(.text)
    USART_ReceiverWakeUpCmd                  0x08001a4b   Thumb Code    24  stm32f10x_usart.o(.text)
    USART_LINBreakDetectLengthConfig         0x08001a63   Thumb Code    18  stm32f10x_usart.o(.text)
    USART_LINCmd                             0x08001a75   Thumb Code    24  stm32f10x_usart.o(.text)
    USART_SendData                           0x08001a8d   Thumb Code     8  stm32f10x_usart.o(.text)
    USART_ReceiveData                        0x08001a95   Thumb Code    10  stm32f10x_usart.o(.text)
    USART_SendBreak                          0x08001a9f   Thumb Code    10  stm32f10x_usart.o(.text)
    USART_SetGuardTime                       0x08001aa9   Thumb Code    16  stm32f10x_usart.o(.text)
    USART_SetPrescaler                       0x08001ab9   Thumb Code    16  stm32f10x_usart.o(.text)
    USART_SmartCardCmd                       0x08001ac9   Thumb Code    24  stm32f10x_usart.o(.text)
    USART_SmartCardNACKCmd                   0x08001ae1   Thumb Code    24  stm32f10x_usart.o(.text)
    USART_HalfDuplexCmd                      0x08001af9   Thumb Code    24  stm32f10x_usart.o(.text)
    USART_OverSampling8Cmd                   0x08001b11   Thumb Code    22  stm32f10x_usart.o(.text)
    USART_OneBitMethodCmd                    0x08001b27   Thumb Code    24  stm32f10x_usart.o(.text)
    USART_IrDAConfig                         0x08001b3f   Thumb Code    18  stm32f10x_usart.o(.text)
    USART_IrDACmd                            0x08001b51   Thumb Code    24  stm32f10x_usart.o(.text)
    USART_GetFlagStatus                      0x08001b69   Thumb Code    26  stm32f10x_usart.o(.text)
    USART_ClearFlag                          0x08001b83   Thumb Code    18  stm32f10x_usart.o(.text)
    USART_GetITStatus                        0x08001b95   Thumb Code    84  stm32f10x_usart.o(.text)
    USART_ClearITPendingBit                  0x08001be9   Thumb Code    52  stm32f10x_usart.o(.text)
    ADC_DeInit                               0x08001c1d   Thumb Code    78  stm32f10x_adc.o(.text)
    ADC_Init                                 0x08001c6b   Thumb Code    70  stm32f10x_adc.o(.text)
    ADC_StructInit                           0x08001cb1   Thumb Code    18  stm32f10x_adc.o(.text)
    ADC_Cmd                                  0x08001cc3   Thumb Code    22  stm32f10x_adc.o(.text)
    ADC_DMACmd                               0x08001cd9   Thumb Code    22  stm32f10x_adc.o(.text)
    ADC_ITConfig                             0x08001cef   Thumb Code    24  stm32f10x_adc.o(.text)
    ADC_ResetCalibration                     0x08001d07   Thumb Code    10  stm32f10x_adc.o(.text)
    ADC_GetResetCalibrationStatus            0x08001d11   Thumb Code    20  stm32f10x_adc.o(.text)
    ADC_StartCalibration                     0x08001d25   Thumb Code    10  stm32f10x_adc.o(.text)
    ADC_GetCalibrationStatus                 0x08001d2f   Thumb Code    20  stm32f10x_adc.o(.text)
    ADC_SoftwareStartConvCmd                 0x08001d43   Thumb Code    22  stm32f10x_adc.o(.text)
    ADC_GetSoftwareStartConvStatus           0x08001d59   Thumb Code    20  stm32f10x_adc.o(.text)
    ADC_DiscModeChannelCountConfig           0x08001d6d   Thumb Code    24  stm32f10x_adc.o(.text)
    ADC_DiscModeCmd                          0x08001d85   Thumb Code    22  stm32f10x_adc.o(.text)
    ADC_RegularChannelConfig                 0x08001d9b   Thumb Code   184  stm32f10x_adc.o(.text)
    ADC_ExternalTrigConvCmd                  0x08001e53   Thumb Code    22  stm32f10x_adc.o(.text)
    ADC_GetConversionValue                   0x08001e69   Thumb Code     8  stm32f10x_adc.o(.text)
    ADC_GetDualModeConversionValue           0x08001e71   Thumb Code     8  stm32f10x_adc.o(.text)
    ADC_AutoInjectedConvCmd                  0x08001e79   Thumb Code    22  stm32f10x_adc.o(.text)
    ADC_InjectedDiscModeCmd                  0x08001e8f   Thumb Code    22  stm32f10x_adc.o(.text)
    ADC_ExternalTrigInjectedConvConfig       0x08001ea5   Thumb Code    16  stm32f10x_adc.o(.text)
    ADC_ExternalTrigInjectedConvCmd          0x08001eb5   Thumb Code    22  stm32f10x_adc.o(.text)
    ADC_SoftwareStartInjectedConvCmd         0x08001ecb   Thumb Code    22  stm32f10x_adc.o(.text)
    ADC_GetSoftwareStartInjectedConvCmdStatus 0x08001ee1   Thumb Code    20  stm32f10x_adc.o(.text)
    ADC_InjectedChannelConfig                0x08001ef5   Thumb Code   130  stm32f10x_adc.o(.text)
    ADC_InjectedSequencerLengthConfig        0x08001f77   Thumb Code    24  stm32f10x_adc.o(.text)
    ADC_SetInjectedOffset                    0x08001f8f   Thumb Code    20  stm32f10x_adc.o(.text)
    ADC_GetInjectedConversionValue           0x08001fa3   Thumb Code    28  stm32f10x_adc.o(.text)
    ADC_AnalogWatchdogCmd                    0x08001fbf   Thumb Code    16  stm32f10x_adc.o(.text)
    ADC_AnalogWatchdogThresholdsConfig       0x08001fcf   Thumb Code     6  stm32f10x_adc.o(.text)
    ADC_AnalogWatchdogSingleChannelConfig    0x08001fd5   Thumb Code    16  stm32f10x_adc.o(.text)
    ADC_TempSensorVrefintCmd                 0x08001fe5   Thumb Code    64  stm32f10x_adc.o(.text)
    ADC_GetFlagStatus                        0x08002025   Thumb Code    18  stm32f10x_adc.o(.text)
    ADC_ClearFlag                            0x08002037   Thumb Code     6  stm32f10x_adc.o(.text)
    ADC_GetITStatus                          0x0800203d   Thumb Code    36  stm32f10x_adc.o(.text)
    ADC_ClearITPendingBit                    0x08002061   Thumb Code    10  stm32f10x_adc.o(.text)
    SystemInit                               0x0800214b   Thumb Code    78  system_stm32f10x.o(.text)
    SystemCoreClockUpdate                    0x08002199   Thumb Code   142  system_stm32f10x.o(.text)
    delay_us                                 0x0800224d   Thumb Code    26  delay.o(.text)
    delay_ms                                 0x08002267   Thumb Code    24  delay.o(.text)
    get_ms                                   0x0800227f   Thumb Code     2  delay.o(.text)
    i2cInit                                  0x08002499   Thumb Code    42  i2c.o(.text)
    i2cWriteBuffer                           0x080024c3   Thumb Code   100  i2c.o(.text)
    i2cwrite                                 0x08002527   Thumb Code    38  i2c.o(.text)
    i2cRead                                  0x0800254d   Thumb Code   120  i2c.o(.text)
    i2cread                                  0x080025c5   Thumb Code    38  i2c.o(.text)
    i2cWrite                                 0x080025eb   Thumb Code    72  i2c.o(.text)
    i2cGetErrorCounter                       0x08002633   Thumb Code     4  i2c.o(.text)
    LED_GPIO_Config                          0x0800263d   Thumb Code    58  led.o(.text)
    main                                     0x08002681   Thumb Code   378  main.o(.text)
    MOTOR_GPIO_Config                        0x08002825   Thumb Code    50  motor.o(.text)
    TIM2_PWM_CHANGE                          0x0800290b   Thumb Code    82  motor.o(.text)
    TIM2_PWM_Init                            0x0800295d   Thumb Code    12  motor.o(.text)
    TIM3_IRQHandler                          0x08002969   Thumb Code    16  motor.o(.text)
    TIM4_IRQHandler                          0x08002979   Thumb Code    16  motor.o(.text)
    TIM3_Encoder_Init                        0x08002989   Thumb Code   210  motor.o(.text)
    TIM4_Encoder_Init                        0x08002a5b   Thumb Code   210  motor.o(.text)
    TIM3_External_Clock_CountingMode         0x08002b2d   Thumb Code   162  motor.o(.text)
    TIM4_External_Clock_CountingMode         0x08002bcf   Thumb Code   174  motor.o(.text)
    MPU6050_Init                             0x08002c81   Thumb Code   224  mpu6050.o(.text)
    MPU6050_Pose                             0x08002d61   Thumb Code  1342  mpu6050.o(.text)
    NMI_Handler                              0x080032bd   Thumb Code     2  stm32f10x_it.o(.text)
    HardFault_Handler                        0x080032bf   Thumb Code     4  stm32f10x_it.o(.text)
    MemManage_Handler                        0x080032c3   Thumb Code     4  stm32f10x_it.o(.text)
    BusFault_Handler                         0x080032c7   Thumb Code     4  stm32f10x_it.o(.text)
    UsageFault_Handler                       0x080032cb   Thumb Code     4  stm32f10x_it.o(.text)
    SVC_Handler                              0x080032cf   Thumb Code     2  stm32f10x_it.o(.text)
    DebugMon_Handler                         0x080032d1   Thumb Code     2  stm32f10x_it.o(.text)
    PendSV_Handler                           0x080032d3   Thumb Code     2  stm32f10x_it.o(.text)
    SysTick_Handler                          0x080032d5   Thumb Code   120  stm32f10x_it.o(.text)
    SysTick_Init                             0x08003365   Thumb Code   106  systick.o(.text)
    Delay_us                                 0x080033cf   Thumb Code    36  systick.o(.text)
    TimingDelay_Decrement                    0x080033f3   Thumb Code    18  systick.o(.text)
    delay_nms                                0x08003415   Thumb Code    32  upstandingcar.o(.text)
    MotionTask_Stop                          0x08003435   Thumb Code    24  upstandingcar.o(.text)
    AutoRun_SetStraight                      0x0800344d   Thumb Code    52  upstandingcar.o(.text)
    CarUpstandInit                           0x08003481   Thumb Code   162  upstandingcar.o(.text)
    ResetPID                                 0x08003523   Thumb Code   188  upstandingcar.o(.text)
    SpeedControl_ResetStopState              0x080035df   Thumb Code    20  upstandingcar.o(.text)
    AngleControl                             0x080035f3   Thumb Code   256  upstandingcar.o(.text)
    SetMotorVoltageAndDirection              0x080036f3   Thumb Code   580  upstandingcar.o(.text)
    MotorOutput                              0x08003937   Thumb Code   226  upstandingcar.o(.text)
    GetMotorPulse                            0x08003a19   Thumb Code    90  upstandingcar.o(.text)
    SpeedControl                             0x08003a73   Thumb Code   886  upstandingcar.o(.text)
    chaoshengbo                              0x08003de9   Thumb Code   178  upstandingcar.o(.text)
    CalcUpData                               0x08003e9b   Thumb Code   660  upstandingcar.o(.text)
    SendAutoUp                               0x0800412f   Thumb Code    52  upstandingcar.o(.text)
    MotionTask_SetStraight                   0x080043d3   Thumb Code    32  upstandingcar.o(.text)
    MotionTask_SetStraightWithObs            0x080043f3   Thumb Code    54  upstandingcar.o(.text)
    MotionTask_SetStraightObsAvoidEnable     0x08004429   Thumb Code    24  upstandingcar.o(.text)
    MotionTask_SetArc                        0x08004441   Thumb Code    28  upstandingcar.o(.text)
    MotionTask_SetTurn                       0x0800445d   Thumb Code    28  upstandingcar.o(.text)
    MotionTask_SetSpin                       0x08004479   Thumb Code    26  upstandingcar.o(.text)
    AutoRun_SetObsRightAvoid                 0x08004493   Thumb Code    44  upstandingcar.o(.text)
    AutoRun_SetFigureEightArc                0x080044bf   Thumb Code   202  upstandingcar.o(.text)
    AutoRun_SetFigureEight                   0x08004589   Thumb Code   196  upstandingcar.o(.text)
    AutoRun_SetFixed                         0x0800464d   Thumb Code    40  upstandingcar.o(.text)
    CarStateOut                              0x08004909   Thumb Code    76  upstandingcar.o(.text)
    USART1_Config                            0x080049b1   Thumb Code   114  usart.o(.text)
    NVIC_Configurationusart3                 0x08004a23   Thumb Code    40  usart.o(.text)
    USART3_Config                            0x08004a4b   Thumb Code   136  usart.o(.text)
    fputc                                    0x08004ad3   Thumb Code    32  usart.o(.text)
    USART1_printf                            0x08004b55   Thumb Code   262  usart.o(.text)
    USART1_Send_Byte                         0x08004c5b   Thumb Code    28  usart.o(.text)
    USART3_Send_Byte                         0x08004c77   Thumb Code    28  usart.o(.text)
    UART3_Send_Char                          0x08004c93   Thumb Code    24  usart.o(.text)
    PrintChar                                0x08004cab   Thumb Code    24  usart.o(.text)
    Timerx_Init                              0x08004cd5   Thumb Code    92  timer.o(.text)
    TIM1_UP_IRQHandler                       0x08004d31   Thumb Code    22  timer.o(.text)
    UltrasonicWave_Configuration             0x08004d4d   Thumb Code   130  ultrasonicwave.o(.text)
    EXTI1_IRQHandler                         0x08004dcf   Thumb Code    96  ultrasonicwave.o(.text)
    UltrasonicWave_StartMeasure              0x08004e2f   Thumb Code    26  ultrasonicwave.o(.text)
    Adc_Init                                 0x08004e59   Thumb Code   132  adc.o(.text)
    Get_Adc                                  0x08004edd   Thumb Code    46  adc.o(.text)
    Reset_Handler                            0x08004f15   Thumb Code     8  startup_stm32f10x_md.o(.text)
    ADC1_2_IRQHandler                        0x08004f2f   Thumb Code     0  startup_stm32f10x_md.o(.text)
    CAN1_RX1_IRQHandler                      0x08004f2f   Thumb Code     0  startup_stm32f10x_md.o(.text)
    CAN1_SCE_IRQHandler                      0x08004f2f   Thumb Code     0  startup_stm32f10x_md.o(.text)
    DMA1_Channel1_IRQHandler                 0x08004f2f   Thumb Code     0  startup_stm32f10x_md.o(.text)
    DMA1_Channel2_IRQHandler                 0x08004f2f   Thumb Code     0  startup_stm32f10x_md.o(.text)
    DMA1_Channel3_IRQHandler                 0x08004f2f   Thumb Code     0  startup_stm32f10x_md.o(.text)
    DMA1_Channel4_IRQHandler                 0x08004f2f   Thumb Code     0  startup_stm32f10x_md.o(.text)
    DMA1_Channel5_IRQHandler                 0x08004f2f   Thumb Code     0  startup_stm32f10x_md.o(.text)
    DMA1_Channel6_IRQHandler                 0x08004f2f   Thumb Code     0  startup_stm32f10x_md.o(.text)
    DMA1_Channel7_IRQHandler                 0x08004f2f   Thumb Code     0  startup_stm32f10x_md.o(.text)
    EXTI0_IRQHandler                         0x08004f2f   Thumb Code     0  startup_stm32f10x_md.o(.text)
    EXTI15_10_IRQHandler                     0x08004f2f   Thumb Code     0  startup_stm32f10x_md.o(.text)
    EXTI2_IRQHandler                         0x08004f2f   Thumb Code     0  startup_stm32f10x_md.o(.text)
    EXTI3_IRQHandler                         0x08004f2f   Thumb Code     0  startup_stm32f10x_md.o(.text)
    EXTI4_IRQHandler                         0x08004f2f   Thumb Code     0  startup_stm32f10x_md.o(.text)
    EXTI9_5_IRQHandler                       0x08004f2f   Thumb Code     0  startup_stm32f10x_md.o(.text)
    FLASH_IRQHandler                         0x08004f2f   Thumb Code     0  startup_stm32f10x_md.o(.text)
    I2C1_ER_IRQHandler                       0x08004f2f   Thumb Code     0  startup_stm32f10x_md.o(.text)
    I2C1_EV_IRQHandler                       0x08004f2f   Thumb Code     0  startup_stm32f10x_md.o(.text)
    I2C2_ER_IRQHandler                       0x08004f2f   Thumb Code     0  startup_stm32f10x_md.o(.text)
    I2C2_EV_IRQHandler                       0x08004f2f   Thumb Code     0  startup_stm32f10x_md.o(.text)
    PVD_IRQHandler                           0x08004f2f   Thumb Code     0  startup_stm32f10x_md.o(.text)
    RCC_IRQHandler                           0x08004f2f   Thumb Code     0  startup_stm32f10x_md.o(.text)
    RTCAlarm_IRQHandler                      0x08004f2f   Thumb Code     0  startup_stm32f10x_md.o(.text)
    RTC_IRQHandler                           0x08004f2f   Thumb Code     0  startup_stm32f10x_md.o(.text)
    SPI1_IRQHandler                          0x08004f2f   Thumb Code     0  startup_stm32f10x_md.o(.text)
    SPI2_IRQHandler                          0x08004f2f   Thumb Code     0  startup_stm32f10x_md.o(.text)
    TAMPER_IRQHandler                        0x08004f2f   Thumb Code     0  startup_stm32f10x_md.o(.text)
    TIM1_BRK_IRQHandler                      0x08004f2f   Thumb Code     0  startup_stm32f10x_md.o(.text)
    TIM1_CC_IRQHandler                       0x08004f2f   Thumb Code     0  startup_stm32f10x_md.o(.text)
    TIM1_TRG_COM_IRQHandler                  0x08004f2f   Thumb Code     0  startup_stm32f10x_md.o(.text)
    TIM2_IRQHandler                          0x08004f2f   Thumb Code     0  startup_stm32f10x_md.o(.text)
    USART1_IRQHandler                        0x08004f2f   Thumb Code     0  startup_stm32f10x_md.o(.text)
    USART2_IRQHandler                        0x08004f2f   Thumb Code     0  startup_stm32f10x_md.o(.text)
    USART3_IRQHandler                        0x08004f2f   Thumb Code     0  startup_stm32f10x_md.o(.text)
    USBWakeUp_IRQHandler                     0x08004f2f   Thumb Code     0  startup_stm32f10x_md.o(.text)
    USB_HP_CAN1_TX_IRQHandler                0x08004f2f   Thumb Code     0  startup_stm32f10x_md.o(.text)
    USB_LP_CAN1_RX0_IRQHandler               0x08004f2f   Thumb Code     0  startup_stm32f10x_md.o(.text)
    WWDG_IRQHandler                          0x08004f2f   Thumb Code     0  startup_stm32f10x_md.o(.text)
    mpu_reg_dump                             0x08004fc3   Thumb Code    72  inv_mpu.o(.text)
    mpu_read_reg                             0x0800500b   Thumb Code    66  inv_mpu.o(.text)
    mpu_set_int_latched                      0x0800504d   Thumb Code   102  inv_mpu.o(.text)
    mpu_set_sensors                          0x080050b3   Thumb Code   202  inv_mpu.o(.text)
    mpu_set_bypass                           0x0800517d   Thumb Code   328  inv_mpu.o(.text)
    mpu_reset_fifo                           0x080052c5   Thumb Code   456  inv_mpu.o(.text)
    mpu_configure_fifo                       0x0800548d   Thumb Code   106  inv_mpu.o(.text)
    mpu_set_lpf                              0x080054f7   Thumb Code   126  inv_mpu.o(.text)
    mpu_lp_accel_mode                        0x08005575   Thumb Code   218  inv_mpu.o(.text)
    mpu_set_sample_rate                      0x0800564f   Thumb Code   152  inv_mpu.o(.text)
    mpu_set_accel_fsr                        0x080056e7   Thumb Code   132  inv_mpu.o(.text)
    mpu_set_gyro_fsr                         0x0800576b   Thumb Code   132  inv_mpu.o(.text)
    mpu_init                                 0x080057ef   Thumb Code   414  inv_mpu.o(.text)
    mpu_get_gyro_reg                         0x0800598d   Thumb Code   110  inv_mpu.o(.text)
    mpu_get_accel_reg                        0x080059fb   Thumb Code   110  inv_mpu.o(.text)
    mpu_get_temperature                      0x08005a69   Thumb Code   150  inv_mpu.o(.text)
    mpu_set_accel_bias                       0x08005aff   Thumb Code   468  inv_mpu.o(.text)
    mpu_get_gyro_fsr                         0x08005cd3   Thumb Code    64  inv_mpu.o(.text)
    mpu_get_accel_fsr                        0x08005d13   Thumb Code    72  inv_mpu.o(.text)
    mpu_get_lpf                              0x08005d5b   Thumb Code    74  inv_mpu.o(.text)
    mpu_get_sample_rate                      0x08005da5   Thumb Code    26  inv_mpu.o(.text)
    mpu_get_compass_sample_rate              0x08005dbf   Thumb Code    10  inv_mpu.o(.text)
    mpu_set_compass_sample_rate              0x08005dc9   Thumb Code     8  inv_mpu.o(.text)
    mpu_get_gyro_sens                        0x08005dd1   Thumb Code    58  inv_mpu.o(.text)
    mpu_get_accel_sens                       0x08005e0b   Thumb Code    78  inv_mpu.o(.text)
    mpu_get_fifo_config                      0x08005e59   Thumb Code    12  inv_mpu.o(.text)
    mpu_get_power_state                      0x08005e65   Thumb Code    22  inv_mpu.o(.text)
    mpu_get_int_status                       0x08005e7b   Thumb Code    64  inv_mpu.o(.text)
    mpu_read_fifo                            0x08005ebb   Thumb Code   520  inv_mpu.o(.text)
    mpu_read_fifo_stream                     0x080060c3   Thumb Code   186  inv_mpu.o(.text)
    mpu_set_int_level                        0x0800617d   Thumb Code    12  inv_mpu.o(.text)
    mpu_set_dmp_state                        0x0800685d   Thumb Code   138  inv_mpu.o(.text)
    mpu_run_self_test                        0x080068e7   Thumb Code   278  inv_mpu.o(.text)
    mpu_write_mem                            0x080069fd   Thumb Code   122  inv_mpu.o(.text)
    mpu_read_mem                             0x08006a77   Thumb Code   122  inv_mpu.o(.text)
    mpu_load_firmware                        0x08006af1   Thumb Code   190  inv_mpu.o(.text)
    mpu_get_dmp_state                        0x08006baf   Thumb Code    14  inv_mpu.o(.text)
    mpu_get_compass_reg                      0x08006bbd   Thumb Code     8  inv_mpu.o(.text)
    mpu_get_compass_fsr                      0x08006bc5   Thumb Code     8  inv_mpu.o(.text)
    mpu_lp_motion_interrupt                  0x08006bcd   Thumb Code   512  inv_mpu.o(.text)
    dmp_load_motion_driver_firmware          0x08006dd1   Thumb Code    20  inv_mpu_dmp_motion_driver.o(.text)
    dmp_set_orientation                      0x08006de5   Thumb Code   290  inv_mpu_dmp_motion_driver.o(.text)
    dmp_set_gyro_bias                        0x08006f07   Thumb Code   294  inv_mpu_dmp_motion_driver.o(.text)
    dmp_set_accel_bias                       0x0800702d   Thumb Code   300  inv_mpu_dmp_motion_driver.o(.text)
    dmp_set_fifo_rate                        0x08007159   Thumb Code   136  inv_mpu_dmp_motion_driver.o(.text)
    dmp_get_fifo_rate                        0x080071e1   Thumb Code    12  inv_mpu_dmp_motion_driver.o(.text)
    dmp_set_tap_thresh                       0x080071ed   Thumb Code   396  inv_mpu_dmp_motion_driver.o(.text)
    dmp_set_tap_axes                         0x08007379   Thumb Code    70  inv_mpu_dmp_motion_driver.o(.text)
    dmp_set_tap_count                        0x080073bf   Thumb Code    38  inv_mpu_dmp_motion_driver.o(.text)
    dmp_set_tap_time                         0x080073e5   Thumb Code    38  inv_mpu_dmp_motion_driver.o(.text)
    dmp_set_tap_time_multi                   0x0800740b   Thumb Code    38  inv_mpu_dmp_motion_driver.o(.text)
    dmp_set_shake_reject_thresh              0x08007431   Thumb Code    56  inv_mpu_dmp_motion_driver.o(.text)
    dmp_set_shake_reject_time                0x08007469   Thumb Code    38  inv_mpu_dmp_motion_driver.o(.text)
    dmp_set_shake_reject_timeout             0x0800748f   Thumb Code    38  inv_mpu_dmp_motion_driver.o(.text)
    dmp_get_pedometer_step_count             0x080074b5   Thumb Code    66  inv_mpu_dmp_motion_driver.o(.text)
    dmp_set_pedometer_step_count             0x080074f7   Thumb Code    42  inv_mpu_dmp_motion_driver.o(.text)
    dmp_get_pedometer_walk_time              0x08007521   Thumb Code    72  inv_mpu_dmp_motion_driver.o(.text)
    dmp_set_pedometer_walk_time              0x08007569   Thumb Code    48  inv_mpu_dmp_motion_driver.o(.text)
    dmp_enable_6x_lp_quat                    0x08007599   Thumb Code    84  inv_mpu_dmp_motion_driver.o(.text)
    dmp_enable_lp_quat                       0x080075ed   Thumb Code    60  inv_mpu_dmp_motion_driver.o(.text)
    dmp_enable_gyro_cal                      0x08007629   Thumb Code    62  inv_mpu_dmp_motion_driver.o(.text)
    dmp_enable_feature                       0x08007667   Thumb Code   530  inv_mpu_dmp_motion_driver.o(.text)
    dmp_get_enabled_features                 0x08007879   Thumb Code    12  inv_mpu_dmp_motion_driver.o(.text)
    dmp_set_interrupt_mode                   0x080078e3   Thumb Code    66  inv_mpu_dmp_motion_driver.o(.text)
    dmp_read_fifo                            0x08007925   Thumb Code   514  inv_mpu_dmp_motion_driver.o(.text)
    dmp_register_tap_cb                      0x08007b27   Thumb Code    10  inv_mpu_dmp_motion_driver.o(.text)
    dmp_register_android_orient_cb           0x08007b31   Thumb Code    10  inv_mpu_dmp_motion_driver.o(.text)
    inv_orientation_matrix_to_scalar         0x08007b89   Thumb Code    40  inv_mpu_dmp_motion_driver.o(.text)
    run_self_test                            0x08007bb1   Thumb Code   156  inv_mpu_dmp_motion_driver.o(.text)
    __aeabi_ldivmod                          0x08007c99   Thumb Code    98  ldiv.o(.text)
    __aeabi_memcpy                           0x08007cfb   Thumb Code    36  memcpya.o(.text)
    __aeabi_memcpy4                          0x08007cfb   Thumb Code     0  memcpya.o(.text)
    __aeabi_memcpy8                          0x08007cfb   Thumb Code     0  memcpya.o(.text)
    __aeabi_memset                           0x08007d1f   Thumb Code    14  memseta.o(.text)
    __aeabi_memset4                          0x08007d1f   Thumb Code     0  memseta.o(.text)
    __aeabi_memset8                          0x08007d1f   Thumb Code     0  memseta.o(.text)
    __aeabi_memclr                           0x08007d2d   Thumb Code     4  memseta.o(.text)
    __aeabi_memclr4                          0x08007d2d   Thumb Code     0  memseta.o(.text)
    __aeabi_memclr8                          0x08007d2d   Thumb Code     0  memseta.o(.text)
    _memset$wrapper                          0x08007d31   Thumb Code    18  memseta.o(.text)
    strcat                                   0x08007d43   Thumb Code    24  strcat.o(.text)
    memcmp                                   0x08007d5b   Thumb Code    26  memcmp.o(.text)
    __aeabi_fadd                             0x08007d75   Thumb Code   164  fadd.o(.text)
    __aeabi_fsub                             0x08007e19   Thumb Code     6  fadd.o(.text)
    __aeabi_frsub                            0x08007e1f   Thumb Code     6  fadd.o(.text)
    __aeabi_fmul                             0x08007e25   Thumb Code   100  fmul.o(.text)
    __aeabi_fdiv                             0x08007e89   Thumb Code   124  fdiv.o(.text)
    __aeabi_dadd                             0x08007f05   Thumb Code   322  dadd.o(.text)
    __aeabi_dsub                             0x08008047   Thumb Code     6  dadd.o(.text)
    __aeabi_drsub                            0x0800804d   Thumb Code     6  dadd.o(.text)
    __aeabi_dmul                             0x08008053   Thumb Code   228  dmul.o(.text)
    __aeabi_ddiv                             0x08008137   Thumb Code   222  ddiv.o(.text)
    __aeabi_i2f                              0x08008215   Thumb Code    18  fflti.o(.text)
    __aeabi_ui2f                             0x08008227   Thumb Code    10  ffltui.o(.text)
    __aeabi_i2d                              0x08008231   Thumb Code    34  dflti.o(.text)
    __aeabi_f2iz                             0x08008253   Thumb Code    50  ffixi.o(.text)
    __aeabi_f2uiz                            0x08008285   Thumb Code    40  ffixui.o(.text)
    __aeabi_f2d                              0x080082ad   Thumb Code    38  f2d.o(.text)
    __aeabi_cdcmpeq                          0x080082d5   Thumb Code     0  cdcmple.o(.text)
    __aeabi_cdcmple                          0x080082d5   Thumb Code    48  cdcmple.o(.text)
    __aeabi_d2f                              0x08008305   Thumb Code    56  d2f.o(.text)
    __aeabi_cfcmpeq                          0x0800833d   Thumb Code     0  cfcmple.o(.text)
    __aeabi_cfcmple                          0x0800833d   Thumb Code    20  cfcmple.o(.text)
    __aeabi_cfrcmple                         0x08008351   Thumb Code    20  cfrcmple.o(.text)
    __aeabi_uidiv                            0x08008365   Thumb Code     0  uidiv.o(.text)
    __aeabi_uidivmod                         0x08008365   Thumb Code    44  uidiv.o(.text)
    __aeabi_uldivmod                         0x08008391   Thumb Code    98  uldiv.o(.text)
    __aeabi_llsl                             0x080083f3   Thumb Code    30  llshl.o(.text)
    _ll_shift_l                              0x080083f3   Thumb Code     0  llshl.o(.text)
    __aeabi_lasr                             0x08008411   Thumb Code    36  llsshr.o(.text)
    _ll_sshift_r                             0x08008411   Thumb Code     0  llsshr.o(.text)
    __I$use$fp                               0x08008435   Thumb Code     0  iusefp.o(.text)
    _float_round                             0x08008435   Thumb Code    18  fepilogue.o(.text)
    _float_epilogue                          0x08008447   Thumb Code    92  fepilogue.o(.text)
    _double_round                            0x080084a3   Thumb Code    30  depilogue.o(.text)
    _double_epilogue                         0x080084c1   Thumb Code   156  depilogue.o(.text)
    __ARM_scalbn                             0x0800855d   Thumb Code    46  dscalb.o(.text)
    scalbn                                   0x0800855d   Thumb Code     0  dscalb.o(.text)
    __aeabi_d2ulz                            0x0800858b   Thumb Code    48  dfixul.o(.text)
    __aeabi_cdrcmple                         0x080085bd   Thumb Code    48  cdrcmple.o(.text)
    __scatterload                            0x080085ed   Thumb Code    28  init.o(.text)
    __scatterload_rt2                        0x080085ed   Thumb Code     0  init.o(.text)
    __aeabi_llsr                             0x08008611   Thumb Code    32  llushr.o(.text)
    _ll_ushift_r                             0x08008611   Thumb Code     0  llushr.o(.text)
    _dsqrt                                   0x08008631   Thumb Code   162  dsqrt.o(.text)
    __aeabi_ui2d                             0x080086d3   Thumb Code    26  dfltui.o(.text)
    __aeabi_d2iz                             0x080086ed   Thumb Code    62  dfixi.o(.text)
    __decompress                             0x0800872b   Thumb Code     0  __dczerorl2.o(.text)
    __decompress1                            0x0800872b   Thumb Code    86  __dczerorl2.o(.text)
    __0printf                                0x08008781   Thumb Code    22  printfa.o(i.__0printf)
    __1printf                                0x08008781   Thumb Code     0  printfa.o(i.__0printf)
    __2printf                                0x08008781   Thumb Code     0  printfa.o(i.__0printf)
    __c89printf                              0x08008781   Thumb Code     0  printfa.o(i.__0printf)
    printf                                   0x08008781   Thumb Code     0  printfa.o(i.__0printf)
    __0sprintf                               0x080087a1   Thumb Code    34  printfa.o(i.__0sprintf)
    __1sprintf                               0x080087a1   Thumb Code     0  printfa.o(i.__0sprintf)
    __2sprintf                               0x080087a1   Thumb Code     0  printfa.o(i.__0sprintf)
    __c89sprintf                             0x080087a1   Thumb Code     0  printfa.o(i.__0sprintf)
    sprintf                                  0x080087a1   Thumb Code     0  printfa.o(i.__0sprintf)
    __ARM_fpclassify                         0x080087c9   Thumb Code    40  fpclassify.o(i.__ARM_fpclassify)
    __ieee754_rem_pio2                       0x080087f1   Thumb Code   828  rred.o(i.__ieee754_rem_pio2)
    __kernel_cos                             0x08008b79   Thumb Code   230  cos_i.o(i.__kernel_cos)
    __kernel_poly                            0x08008c75   Thumb Code   170  poly.o(i.__kernel_poly)
    __kernel_sin                             0x08008d21   Thumb Code   224  sin_i.o(i.__kernel_sin)
    __mathlib_dbl_infnan                     0x08008e0d   Thumb Code     6  dunder.o(i.__mathlib_dbl_infnan)
    __mathlib_dbl_infnan2                    0x08008e13   Thumb Code     4  dunder.o(i.__mathlib_dbl_infnan2)
    __mathlib_dbl_invalid                    0x08008e17   Thumb Code    12  dunder.o(i.__mathlib_dbl_invalid)
    __mathlib_dbl_underflow                  0x08008e25   Thumb Code    10  dunder.o(i.__mathlib_dbl_underflow)
    __scatterload_copy                       0x08008e35   Thumb Code    14  handlers.o(i.__scatterload_copy)
    __scatterload_null                       0x08008e43   Thumb Code     2  handlers.o(i.__scatterload_null)
    __scatterload_zeroinit                   0x08008e45   Thumb Code    14  handlers.o(i.__scatterload_zeroinit)
    __set_errno                              0x08008e55   Thumb Code     6  errno.o(i.__set_errno)
    asin                                     0x0800971d   Thumb Code   572  asin.o(i.asin)
    atan                                     0x0800998d   Thumb Code   474  atan.o(i.atan)
    atan2                                    0x08009bad   Thumb Code   346  atan2.o(i.atan2)
    sin                                      0x08009d2d   Thumb Code   150  sin.o(i.sin)
    sqrt                                     0x08009dcd   Thumb Code    76  sqrt.o(i.sqrt)
    PID_Original                             0x08009e18   Data          32  upstandingcar.o(.constdata)
    hw                                       0x08009e38   Data          12  inv_mpu.o(.constdata)
    reg                                      0x08009e44   Data          27  inv_mpu.o(.constdata)
    test                                     0x08009e60   Data          40  inv_mpu.o(.constdata)
    __mathlib_zero                           0x0800ab98   Data           8  qnan.o(.constdata)
    Region$$Table$$Base                      0x0800ace0   Number         0  anon$$obj.o(Region$$Table)
    Region$$Table$$Limit                     0x0800ad00   Number         0  anon$$obj.o(Region$$Table)
    SystemCoreClock                          0x20000014   Data           4  system_stm32f10x.o(.data)
    AHBPrescTable                            0x20000018   Data          16  system_stm32f10x.o(.data)
    q0                                       0x20000034   Data           4  mpu6050.o(.data)
    q1                                       0x20000038   Data           4  mpu6050.o(.data)
    q2                                       0x2000003c   Data           4  mpu6050.o(.data)
    q3                                       0x20000040   Data           4  mpu6050.o(.data)
    Pitch                                    0x20000044   Data           4  mpu6050.o(.data)
    Roll                                     0x20000048   Data           4  mpu6050.o(.data)
    Yaw                                      0x2000004c   Data           4  mpu6050.o(.data)
    sensor_timestamp                         0x20000050   Data           4  mpu6050.o(.data)
    gyro                                     0x20000054   Data           6  mpu6050.o(.data)
    accel                                    0x2000005a   Data           6  mpu6050.o(.data)
    sensors                                  0x20000060   Data           2  mpu6050.o(.data)
    more                                     0x20000062   Data           1  mpu6050.o(.data)
    enCarState                               0x20000068   Data           1  upstandingcar.o(.data)
    g_newcarstate                            0x2000006c   Data           4  upstandingcar.o(.data)
    BST_u8MainEventCount                     0x200000d4   Data           1  upstandingcar.o(.data)
    BST_u8SpeedControlCount                  0x200000d5   Data           1  upstandingcar.o(.data)
    BST_u8SpeedControlPeriod                 0x200000d6   Data           1  upstandingcar.o(.data)
    BST_u8DirectionControlPeriod             0x200000d7   Data           1  upstandingcar.o(.data)
    BST_u8DirectionControlCount              0x200000d8   Data           1  upstandingcar.o(.data)
    BST_u8trig                               0x200000d9   Data           1  upstandingcar.o(.data)
    ucBluetoothValue                         0x200000da   Data           1  upstandingcar.o(.data)
    volt                                     0x200000dc   Data           4  upstandingcar.o(.data)
    BST_fSpeedControlOut                     0x200000e0   Data           4  upstandingcar.o(.data)
    BST_fSpeedControlOutOld                  0x200000e4   Data           4  upstandingcar.o(.data)
    BST_fSpeedControlOutNew                  0x200000e8   Data           4  upstandingcar.o(.data)
    BST_fAngleRef                            0x200000ec   Data           4  upstandingcar.o(.data)
    BST_fAngleControlOut                     0x200000f0   Data           4  upstandingcar.o(.data)
    BST_fLeftMotorOut                        0x200000f4   Data           4  upstandingcar.o(.data)
    BST_fRightMotorOut                       0x200000f8   Data           4  upstandingcar.o(.data)
    BST_fCarAngle                            0x200000fc   Data           4  upstandingcar.o(.data)
    gyro_z                                   0x20000100   Data           4  upstandingcar.o(.data)
    gyrx                                     0x20000104   Data           4  upstandingcar.o(.data)
    gy0                                      0x20000108   Data           4  upstandingcar.o(.data)
    BST_fCarAngle_P                          0x2000010c   Data           4  upstandingcar.o(.data)
    BST_fCarAngle_D                          0x20000110   Data           4  upstandingcar.o(.data)
    BST_fCarSpeed_P                          0x20000114   Data           4  upstandingcar.o(.data)
    BST_fCarSpeed_I                          0x20000118   Data           4  upstandingcar.o(.data)
    iap                                      0x2000011c   Data           4  upstandingcar.o(.data)
    BST_s16LeftMotorPulse                    0x20000120   Data           2  upstandingcar.o(.data)
    BST_s16RightMotorPulse                   0x20000122   Data           2  upstandingcar.o(.data)
    BST_s32LeftMotorPulseOld                 0x20000124   Data           4  upstandingcar.o(.data)
    BST_s32RightMotorPulseOld                0x20000128   Data           4  upstandingcar.o(.data)
    BST_s32LeftMotorPulseSigma               0x2000012c   Data           4  upstandingcar.o(.data)
    BST_s32RightMotorPulseSigma              0x20000130   Data           4  upstandingcar.o(.data)
    BST_fCarSpeed                            0x20000134   Data           4  upstandingcar.o(.data)
    BST_fCarSpeedOld                         0x20000138   Data           4  upstandingcar.o(.data)
    leftstop                                 0x2000013c   Data           4  upstandingcar.o(.data)
    rightstop                                0x20000140   Data           4  upstandingcar.o(.data)
    stopflag                                 0x20000144   Data           4  upstandingcar.o(.data)
    fchaoshengbo                             0x20000148   Data           4  upstandingcar.o(.data)
    juli                                     0x2000014c   Data           4  upstandingcar.o(.data)
    BST_fBluetoothSpeed                      0x20000150   Data           4  upstandingcar.o(.data)
    BST_fBluetoothDirectionNew               0x20000154   Data           4  upstandingcar.o(.data)
    BST_fBluetoothDirectionSL                0x20000158   Data           4  upstandingcar.o(.data)
    BST_fBluetoothDirectionSR                0x2000015c   Data           4  upstandingcar.o(.data)
    chaoflag                                 0x20000160   Data           4  upstandingcar.o(.data)
    x                                        0x20000164   Data           4  upstandingcar.o(.data)
    y1                                       0x20000168   Data           4  upstandingcar.o(.data)
    z1                                       0x2000016c   Data           4  upstandingcar.o(.data)
    y2                                       0x20000170   Data           4  upstandingcar.o(.data)
    z2                                       0x20000174   Data           4  upstandingcar.o(.data)
    flagbt                                   0x20000178   Data           4  upstandingcar.o(.data)
    g_autoup                                 0x2000017c   Data           4  upstandingcar.o(.data)
    g_uptimes                                0x20000180   Data           4  upstandingcar.o(.data)
    kp                                       0x20000184   Data           1  upstandingcar.o(.data)
    kd                                       0x20000185   Data           1  upstandingcar.o(.data)
    ksp                                      0x20000186   Data           1  upstandingcar.o(.data)
    ksi                                      0x20000187   Data           1  upstandingcar.o(.data)
    dac                                      0x20000188   Data           4  upstandingcar.o(.data)
    dgy                                      0x2000018c   Data           4  upstandingcar.o(.data)
    BST_fBluetoothDirectionL                 0x20000190   Data           4  upstandingcar.o(.data)
    BST_fBluetoothDirectionR                 0x20000194   Data           4  upstandingcar.o(.data)
    driectionxco                             0x20000198   Data           4  upstandingcar.o(.data)
    Q_angle                                  0x2000019c   Data           4  upstandingcar.o(.data)
    Q_gyro                                   0x200001a0   Data           4  upstandingcar.o(.data)
    R_angle                                  0x200001a4   Data           4  upstandingcar.o(.data)
    dt                                       0x200001a8   Data           4  upstandingcar.o(.data)
    C_0                                      0x200001ac   Data           1  upstandingcar.o(.data)
    Q_bias                                   0x200001b0   Data           4  upstandingcar.o(.data)
    Angle_err                                0x200001b4   Data           4  upstandingcar.o(.data)
    PCt_0                                    0x200001b8   Data           4  upstandingcar.o(.data)
    PCt_1                                    0x200001bc   Data           4  upstandingcar.o(.data)
    E                                        0x200001c0   Data           4  upstandingcar.o(.data)
    K_0                                      0x200001c4   Data           4  upstandingcar.o(.data)
    K_1                                      0x200001c8   Data           4  upstandingcar.o(.data)
    t_0                                      0x200001cc   Data           4  upstandingcar.o(.data)
    t_1                                      0x200001d0   Data           4  upstandingcar.o(.data)
    PP                                       0x200001d4   Data          16  upstandingcar.o(.data)
    count                                    0x200001e4   Data           4  ultrasonicwave.o(.data)
    __stdout                                 0x20000214   Data           4  stdout.o(.data)
    quat                                     0x2000021c   Data          16  mpu6050.o(.bss)
    manydisplay                              0x2000022c   Data          80  upstandingcar.o(.bss)
    updata                                   0x2000027c   Data          80  upstandingcar.o(.bss)
    alldata                                  0x200002cc   Data          80  upstandingcar.o(.bss)
    charkp                                   0x2000031c   Data          10  upstandingcar.o(.bss)
    charkd                                   0x20000326   Data          10  upstandingcar.o(.bss)
    charksp                                  0x20000330   Data          10  upstandingcar.o(.bss)
    charksi                                  0x2000033a   Data          10  upstandingcar.o(.bss)
    lspeed                                   0x20000344   Data          10  upstandingcar.o(.bss)
    rspeed                                   0x2000034e   Data          10  upstandingcar.o(.bss)
    daccel                                   0x20000358   Data          10  upstandingcar.o(.bss)
    dgyro                                    0x20000362   Data          10  upstandingcar.o(.bss)
    csb                                      0x2000036c   Data          10  upstandingcar.o(.bss)
    vi                                       0x20000376   Data          10  upstandingcar.o(.bss)
    Pdot                                     0x20000380   Data          16  upstandingcar.o(.bss)
    __initial_sp                             0x200007a0   Data           0  startup_stm32f10x_md.o(STACK)



==============================================================================

Memory Map of the image

  Image Entry point : 0x080000ed

  Load Region LR_IROM1 (Base: 0x08000000, Size: 0x0000af1c, Max: 0x00010000, ABSOLUTE, COMPRESSED[0x0000ad88])

    Execution Region ER_IROM1 (Exec base: 0x08000000, Load base: 0x08000000, Size: 0x0000ad00, Max: 0x00010000, ABSOLUTE)

    Exec Addr    Load Addr    Size         Type   Attr      Idx    E Section Name        Object

    0x08000000   0x08000000   0x000000ec   Data   RO          749    RESET               startup_stm32f10x_md.o
    0x080000ec   0x080000ec   0x00000000   Code   RO          837  * .ARM.Collect$$$$00000000  mc_w.l(entry.o)
    0x080000ec   0x080000ec   0x00000004   Code   RO         1196    .ARM.Collect$$$$00000001  mc_w.l(entry2.o)
    0x080000f0   0x080000f0   0x00000004   Code   RO         1199    .ARM.Collect$$$$00000004  mc_w.l(entry5.o)
    0x080000f4   0x080000f4   0x00000000   Code   RO         1201    .ARM.Collect$$$$00000008  mc_w.l(entry7b.o)
    0x080000f4   0x080000f4   0x00000000   Code   RO         1203    .ARM.Collect$$$$0000000A  mc_w.l(entry8b.o)
    0x080000f4   0x080000f4   0x00000008   Code   RO         1204    .ARM.Collect$$$$0000000B  mc_w.l(entry9a.o)
    0x080000fc   0x080000fc   0x00000000   Code   RO         1206    .ARM.Collect$$$$0000000D  mc_w.l(entry10a.o)
    0x080000fc   0x080000fc   0x00000000   Code   RO         1208    .ARM.Collect$$$$0000000F  mc_w.l(entry11a.o)
    0x080000fc   0x080000fc   0x00000004   Code   RO         1197    .ARM.Collect$$$$00002712  mc_w.l(entry2.o)
    0x08000100   0x08000100   0x000000dc   Code   RO            1    .text               misc.o
    0x080001dc   0x080001dc   0x0000011c   Code   RO           65    .text               stm32f10x_exti.o
    0x080002f8   0x080002f8   0x0000035c   Code   RO           80    .text               stm32f10x_gpio.o
    0x08000654   0x08000654   0x000003a4   Code   RO          104    .text               stm32f10x_rcc.o
    0x080009f8   0x080009f8   0x00000e1a   Code   RO          118    .text               stm32f10x_tim.o
    0x08001812   0x08001812   0x00000002   PAD
    0x08001814   0x08001814   0x00000408   Code   RO          130    .text               stm32f10x_usart.o
    0x08001c1c   0x08001c1c   0x0000044e   Code   RO          142    .text               stm32f10x_adc.o
    0x0800206a   0x0800206a   0x00000002   PAD
    0x0800206c   0x0800206c   0x000001e0   Code   RO          378    .text               system_stm32f10x.o
    0x0800224c   0x0800224c   0x00000034   Code   RO          406    .text               delay.o
    0x08002280   0x08002280   0x000003bc   Code   RO          421    .text               i2c.o
    0x0800263c   0x0800263c   0x00000044   Code   RO          451    .text               led.o
    0x08002680   0x08002680   0x000001a4   Code   RO          466    .text               main.o
    0x08002824   0x08002824   0x0000045c   Code   RO          522    .text               motor.o
    0x08002c80   0x08002c80   0x0000063c   Code   RO          540    .text               mpu6050.o
    0x080032bc   0x080032bc   0x000000a8   Code   RO          596    .text               stm32f10x_it.o
    0x08003364   0x08003364   0x000000b0   Code   RO          615    .text               systick.o
    0x08003414   0x08003414   0x0000159c   Code   RO          633    .text               upstandingcar.o
    0x080049b0   0x080049b0   0x00000324   Code   RO          679    .text               usart.o
    0x08004cd4   0x08004cd4   0x00000078   Code   RO          704    .text               timer.o
    0x08004d4c   0x08004d4c   0x0000010c   Code   RO          716    .text               ultrasonicwave.o
    0x08004e58   0x08004e58   0x000000bc   Code   RO          735    .text               adc.o
    0x08004f14   0x08004f14   0x00000024   Code   RO          750    .text               startup_stm32f10x_md.o
    0x08004f38   0x08004f38   0x00001e98   Code   RO          754    .text               inv_mpu.o
    0x08006dd0   0x08006dd0   0x00000ec8   Code   RO          787    .text               inv_mpu_dmp_motion_driver.o
    0x08007c98   0x08007c98   0x00000062   Code   RO          840    .text               mc_w.l(ldiv.o)
    0x08007cfa   0x08007cfa   0x00000024   Code   RO          842    .text               mc_w.l(memcpya.o)
    0x08007d1e   0x08007d1e   0x00000024   Code   RO          844    .text               mc_w.l(memseta.o)
    0x08007d42   0x08007d42   0x00000018   Code   RO          846    .text               mc_w.l(strcat.o)
    0x08007d5a   0x08007d5a   0x0000001a   Code   RO          848    .text               mc_w.l(memcmp.o)
    0x08007d74   0x08007d74   0x000000b0   Code   RO         1113    .text               mf_w.l(fadd.o)
    0x08007e24   0x08007e24   0x00000064   Code   RO         1115    .text               mf_w.l(fmul.o)
    0x08007e88   0x08007e88   0x0000007c   Code   RO         1117    .text               mf_w.l(fdiv.o)
    0x08007f04   0x08007f04   0x0000014e   Code   RO         1119    .text               mf_w.l(dadd.o)
    0x08008052   0x08008052   0x000000e4   Code   RO         1121    .text               mf_w.l(dmul.o)
    0x08008136   0x08008136   0x000000de   Code   RO         1123    .text               mf_w.l(ddiv.o)
    0x08008214   0x08008214   0x00000012   Code   RO         1125    .text               mf_w.l(fflti.o)
    0x08008226   0x08008226   0x0000000a   Code   RO         1127    .text               mf_w.l(ffltui.o)
    0x08008230   0x08008230   0x00000022   Code   RO         1129    .text               mf_w.l(dflti.o)
    0x08008252   0x08008252   0x00000032   Code   RO         1131    .text               mf_w.l(ffixi.o)
    0x08008284   0x08008284   0x00000028   Code   RO         1133    .text               mf_w.l(ffixui.o)
    0x080082ac   0x080082ac   0x00000026   Code   RO         1135    .text               mf_w.l(f2d.o)
    0x080082d2   0x080082d2   0x00000002   PAD
    0x080082d4   0x080082d4   0x00000030   Code   RO         1137    .text               mf_w.l(cdcmple.o)
    0x08008304   0x08008304   0x00000038   Code   RO         1139    .text               mf_w.l(d2f.o)
    0x0800833c   0x0800833c   0x00000014   Code   RO         1141    .text               mf_w.l(cfcmple.o)
    0x08008350   0x08008350   0x00000014   Code   RO         1143    .text               mf_w.l(cfrcmple.o)
    0x08008364   0x08008364   0x0000002c   Code   RO         1211    .text               mc_w.l(uidiv.o)
    0x08008390   0x08008390   0x00000062   Code   RO         1213    .text               mc_w.l(uldiv.o)
    0x080083f2   0x080083f2   0x0000001e   Code   RO         1215    .text               mc_w.l(llshl.o)
    0x08008410   0x08008410   0x00000024   Code   RO         1217    .text               mc_w.l(llsshr.o)
    0x08008434   0x08008434   0x00000000   Code   RO         1226    .text               mc_w.l(iusefp.o)
    0x08008434   0x08008434   0x0000006e   Code   RO         1227    .text               mf_w.l(fepilogue.o)
    0x080084a2   0x080084a2   0x000000ba   Code   RO         1229    .text               mf_w.l(depilogue.o)
    0x0800855c   0x0800855c   0x0000002e   Code   RO         1231    .text               mf_w.l(dscalb.o)
    0x0800858a   0x0800858a   0x00000030   Code   RO         1233    .text               mf_w.l(dfixul.o)
    0x080085ba   0x080085ba   0x00000002   PAD
    0x080085bc   0x080085bc   0x00000030   Code   RO         1235    .text               mf_w.l(cdrcmple.o)
    0x080085ec   0x080085ec   0x00000024   Code   RO         1237    .text               mc_w.l(init.o)
    0x08008610   0x08008610   0x00000020   Code   RO         1239    .text               mc_w.l(llushr.o)
    0x08008630   0x08008630   0x000000a2   Code   RO         1241    .text               mf_w.l(dsqrt.o)
    0x080086d2   0x080086d2   0x0000001a   Code   RO         1243    .text               mf_w.l(dfltui.o)
    0x080086ec   0x080086ec   0x0000003e   Code   RO         1245    .text               mf_w.l(dfixi.o)
    0x0800872a   0x0800872a   0x00000056   Code   RO         1255    .text               mc_w.l(__dczerorl2.o)
    0x08008780   0x08008780   0x00000020   Code   RO         1085    i.__0printf         mc_w.l(printfa.o)
    0x080087a0   0x080087a0   0x00000028   Code   RO         1087    i.__0sprintf        mc_w.l(printfa.o)
    0x080087c8   0x080087c8   0x00000028   Code   RO         1172    i.__ARM_fpclassify  m_ws.l(fpclassify.o)
    0x080087f0   0x080087f0   0x00000388   Code   RO         1177    i.__ieee754_rem_pio2  m_ws.l(rred.o)
    0x08008b78   0x08008b78   0x000000fc   Code   RO         1155    i.__kernel_cos      m_ws.l(cos_i.o)
    0x08008c74   0x08008c74   0x000000aa   Code   RO         1174    i.__kernel_poly     m_ws.l(poly.o)
    0x08008d1e   0x08008d1e   0x00000002   PAD
    0x08008d20   0x08008d20   0x000000ec   Code   RO         1182    i.__kernel_sin      m_ws.l(sin_i.o)
    0x08008e0c   0x08008e0c   0x00000006   Code   RO         1159    i.__mathlib_dbl_infnan  m_ws.l(dunder.o)
    0x08008e12   0x08008e12   0x00000004   Code   RO         1160    i.__mathlib_dbl_infnan2  m_ws.l(dunder.o)
    0x08008e16   0x08008e16   0x0000000c   Code   RO         1161    i.__mathlib_dbl_invalid  m_ws.l(dunder.o)
    0x08008e22   0x08008e22   0x00000002   PAD
    0x08008e24   0x08008e24   0x00000010   Code   RO         1164    i.__mathlib_dbl_underflow  m_ws.l(dunder.o)
    0x08008e34   0x08008e34   0x0000000e   Code   RO         1249    i.__scatterload_copy  mc_w.l(handlers.o)
    0x08008e42   0x08008e42   0x00000002   Code   RO         1250    i.__scatterload_null  mc_w.l(handlers.o)
    0x08008e44   0x08008e44   0x0000000e   Code   RO         1251    i.__scatterload_zeroinit  mc_w.l(handlers.o)
    0x08008e52   0x08008e52   0x00000002   PAD
    0x08008e54   0x08008e54   0x0000000c   Code   RO         1221    i.__set_errno       mc_w.l(errno.o)
    0x08008e60   0x08008e60   0x00000184   Code   RO         1092    i._fp_digits        mc_w.l(printfa.o)
    0x08008fe4   0x08008fe4   0x000006dc   Code   RO         1093    i._printf_core      mc_w.l(printfa.o)
    0x080096c0   0x080096c0   0x00000024   Code   RO         1094    i._printf_post_padding  mc_w.l(printfa.o)
    0x080096e4   0x080096e4   0x0000002e   Code   RO         1095    i._printf_pre_padding  mc_w.l(printfa.o)
    0x08009712   0x08009712   0x0000000a   Code   RO         1097    i._sputc            mc_w.l(printfa.o)
    0x0800971c   0x0800971c   0x00000270   Code   RO          812    i.asin              m_ws.l(asin.o)
    0x0800998c   0x0800998c   0x00000220   Code   RO         1146    i.atan              m_ws.l(atan.o)
    0x08009bac   0x08009bac   0x00000180   Code   RO          822    i.atan2             m_ws.l(atan2.o)
    0x08009d2c   0x08009d2c   0x000000a0   Code   RO          830    i.sin               m_ws.l(sin.o)
    0x08009dcc   0x08009dcc   0x0000004c   Code   RO         1189    i.sqrt              m_ws.l(sqrt.o)
    0x08009e18   0x08009e18   0x00000020   Data   RO          635    .constdata          upstandingcar.o
    0x08009e38   0x08009e38   0x00000050   Data   RO          755    .constdata          inv_mpu.o
    0x08009e88   0x08009e88   0x00000bf6   Data   RO          789    .constdata          inv_mpu_dmp_motion_driver.o
    0x0800aa7e   0x0800aa7e   0x00000002   PAD
    0x0800aa80   0x0800aa80   0x00000050   Data   RO          813    .constdata          m_ws.l(asin.o)
    0x0800aad0   0x0800aad0   0x00000098   Data   RO         1147    .constdata          m_ws.l(atan.o)
    0x0800ab68   0x0800ab68   0x00000030   Data   RO         1156    .constdata          m_ws.l(cos_i.o)
    0x0800ab98   0x0800ab98   0x00000008   Data   RO         1176    .constdata          m_ws.l(qnan.o)
    0x0800aba0   0x0800aba0   0x000000c8   Data   RO         1179    .constdata          m_ws.l(rred.o)
    0x0800ac68   0x0800ac68   0x00000028   Data   RO         1183    .constdata          m_ws.l(sin_i.o)
    0x0800ac90   0x0800ac90   0x0000004e   Data   RO          756    .conststring        inv_mpu.o
    0x0800acde   0x0800acde   0x00000002   PAD
    0x0800ace0   0x0800ace0   0x00000020   Data   RO         1247    Region$$Table       anon$$obj.o


    Execution Region RW_IRAM1 (Exec base: 0x20000000, Load base: 0x0800ad00, Size: 0x000007a0, Max: 0x00005000, ABSOLUTE, COMPRESSED[0x00000088])

    Exec Addr    Load Addr    Size         Type   Attr      Idx    E Section Name        Object

    0x20000000   COMPRESSED   0x00000014   Data   RW          105    .data               stm32f10x_rcc.o
    0x20000014   COMPRESSED   0x00000014   Data   RW          379    .data               system_stm32f10x.o
    0x20000028   COMPRESSED   0x0000003b   Data   RW          542    .data               mpu6050.o
    0x20000063   COMPRESSED   0x00000001   PAD
    0x20000064   COMPRESSED   0x00000004   Data   RW          616    .data               systick.o
    0x20000068   COMPRESSED   0x0000017c   Data   RW          636    .data               upstandingcar.o
    0x200001e4   COMPRESSED   0x00000004   Data   RW          717    .data               ultrasonicwave.o
    0x200001e8   COMPRESSED   0x0000002c   Data   RW          757    .data               inv_mpu.o
    0x20000214   COMPRESSED   0x00000004   Data   RW         1210    .data               mc_w.l(stdout.o)
    0x20000218   COMPRESSED   0x00000004   Data   RW         1222    .data               mc_w.l(errno.o)
    0x2000021c        -       0x00000010   Zero   RW          541    .bss                mpu6050.o
    0x2000022c        -       0x00000164   Zero   RW          634    .bss                upstandingcar.o
    0x20000390        -       0x00000010   Zero   RW          788    .bss                inv_mpu_dmp_motion_driver.o
    0x200003a0        -       0x00000400   Zero   RW          747    STACK               startup_stm32f10x_md.o


==============================================================================

Image component sizes


      Code (inc. data)   RO Data    RW Data    ZI Data      Debug   Object Name

       188         10          0          0          0        867   adc.o
         0          0          0          0          0         32   core_cm3.o
        52          0          0          0          0        915   delay.o
       956          6          0          0          0       4574   i2c.o
      7832        172        158         44          0      21802   inv_mpu.o
      3784        196       3062          0         16      16538   inv_mpu_dmp_motion_driver.o
        68         10          0          0          0        582   led.o
       420         52          0          0          0       2215   main.o
       220         22          0          0          0     253793   misc.o
      1116         22          0          0          0       3308   motor.o
      1596        804          0         59         16       2279   mpu6050.o
        36          8        236          0       1024        876   startup_stm32f10x_md.o
      1102         26          0          0          0      20293   stm32f10x_adc.o
       284         10          0          0          0       4647   stm32f10x_exti.o
       860         38          0          0          0       5869   stm32f10x_gpio.o
       168         24          0          0          0       1442   stm32f10x_it.o
       932         36          0         20          0       9136   stm32f10x_rcc.o
      3610         88          0          0          0      22976   stm32f10x_tim.o
      1032         22          0          0          0       8592   stm32f10x_usart.o
       480         38          0         20          0       2075   system_stm32f10x.o
       176         16          0          4          0      16937   systick.o
       120          6          0          0          0        857   timer.o
       268         16          0          4          0       1404   ultrasonicwave.o
      5532        940         32        380        356      16599   upstandingcar.o
       804         18          0          0          0       5411   usart.o

    ----------------------------------------------------------------------
     31640       2580       3524        532       1412     424019   Object Totals
         0          0         32          0          0          0   (incl. Generated)
         4          0          4          1          0          0   (incl. Padding)

    ----------------------------------------------------------------------

      Code (inc. data)   RO Data    RW Data    ZI Data      Debug   Library Member Name

       624         52         80          0          0        168   asin.o
       544         70        152          0          0        124   atan.o
       384         38          0          0          0        144   atan2.o
       252         22         48          0          0        124   cos_i.o
        38          6          0          0          0        272   dunder.o
        40          0          0          0          0         68   fpclassify.o
       170          0          0          0          0         96   poly.o
         0          0          8          0          0          0   qnan.o
       904         76        200          0          0        140   rred.o
       160         10          0          0          0        108   sin.o
       236         12         40          0          0        128   sin_i.o
        76          0          0          0          0         84   sqrt.o
        86          0          0          0          0          0   __dczerorl2.o
         0          0          0          0          0          0   entry.o
         0          0          0          0          0          0   entry10a.o
         0          0          0          0          0          0   entry11a.o
         8          4          0          0          0          0   entry2.o
         4          0          0          0          0          0   entry5.o
         0          0          0          0          0          0   entry7b.o
         0          0          0          0          0          0   entry8b.o
         8          4          0          0          0          0   entry9a.o
        12          6          0          4          0         68   errno.o
        30          0          0          0          0          0   handlers.o
        36          8          0          0          0         68   init.o
         0          0          0          0          0          0   iusefp.o
        98          0          0          0          0         84   ldiv.o
        30          0          0          0          0         68   llshl.o
        36          0          0          0          0         68   llsshr.o
        32          0          0          0          0         68   llushr.o
        26          0          0          0          0         80   memcmp.o
        36          0          0          0          0         68   memcpya.o
        36          0          0          0          0        108   memseta.o
      2308         96          0          0          0        604   printfa.o
         0          0          0          4          0          0   stdout.o
        24          0          0          0          0         68   strcat.o
        44          0          0          0          0         80   uidiv.o
        98          0          0          0          0         92   uldiv.o
        48          0          0          0          0         68   cdcmple.o
        48          0          0          0          0         68   cdrcmple.o
        20          0          0          0          0         68   cfcmple.o
        20          0          0          0          0         68   cfrcmple.o
        56          0          0          0          0         88   d2f.o
       334          0          0          0          0        148   dadd.o
       222          0          0          0          0        100   ddiv.o
       186          0          0          0          0        176   depilogue.o
        62          0          0          0          0         80   dfixi.o
        48          0          0          0          0         68   dfixul.o
        34          0          0          0          0         76   dflti.o
        26          0          0          0          0         76   dfltui.o
       228          0          0          0          0         96   dmul.o
        46          0          0          0          0         80   dscalb.o
       162          0          0          0          0        100   dsqrt.o
        38          0          0          0          0         68   f2d.o
       176          0          0          0          0        140   fadd.o
       124          0          0          0          0         88   fdiv.o
       110          0          0          0          0        168   fepilogue.o
        50          0          0          0          0         68   ffixi.o
        40          0          0          0          0         68   ffixui.o
        18          0          0          0          0         68   fflti.o
        10          0          0          0          0         68   ffltui.o
       100          0          0          0          0         76   fmul.o

    ----------------------------------------------------------------------
      8596        404        528          8          0       5152   Library Totals
        10          0          0          0          0          0   (incl. Padding)

    ----------------------------------------------------------------------

      Code (inc. data)   RO Data    RW Data    ZI Data      Debug   Library Name

      3428        286        528          0          0       1456   m_ws.l
      2952        118          0          8          0       1524   mc_w.l
      2206          0          0          0          0       2172   mf_w.l

    ----------------------------------------------------------------------
      8596        404        528          8          0       5152   Library Totals

    ----------------------------------------------------------------------

==============================================================================


      Code (inc. data)   RO Data    RW Data    ZI Data      Debug   

     40236       2984       4052        540       1412     424307   Grand Totals
     40236       2984       4052        136       1412     424307   ELF Image Totals (compressed)
     40236       2984       4052        136          0          0   ROM Totals

==============================================================================

    Total RO  Size (Code + RO Data)                44288 (  43.25kB)
    Total RW  Size (RW Data + ZI Data)              1952 (   1.91kB)
    Total ROM Size (Code + RO Data + RW Data)      44424 (  43.38kB)

==============================================================================

